// Jest Snapshot v1, https://goo.gl/fbAQLP

exports[`Snapshot test renders as expected 1`] = `
<div
  className="sidebar"
>
  <p>
    Klasy
  </p>
  <ul />
</div>
`;
